// Jest Snapshot v1, https://goo.gl/fbAQLP

exports[`matches snapshot 1`] = `
<DocumentFragment>
  <div>
    <button>
      Draw Cards
    </button>
    <button>
      Suffle Deck
    </button>
    <div />
  </div>
</DocumentFragment>
`;
